../Core/Src/led_touch_button.c:22:6:LEDTouchButton_Init	8	static
../Core/Src/led_touch_button.c:52:6:LEDTouchButton_Process	16	static
../Core/Src/led_touch_button.c:67:9:LEDTouchButton_IsManualPressed	4	static
../Core/Src/led_touch_button.c:69:9:LEDTouchButton_IsBlinkPressed	4	static
../Core/Src/led_touch_button.c:71:9:LEDTouchButton_IsHomePressed	16	static
../Core/Src/led_touch_button.c:77:6:LEDTouchButton_ResetView	4	static
../Core/Src/led_touch_button.c:83:6:LEDTouchButton_UpdateState	16	static
